/Users/andrewlazarus/STM32Cube/Example/FDCAN_Com_Polling/Src/main.c:80:5:main	14
/Users/andrewlazarus/STM32Cube/Example/FDCAN_Com_Polling/Src/main.c:242:6:SystemClock_Config	3
/Users/andrewlazarus/STM32Cube/Example/FDCAN_Com_Polling/Src/main.c:281:13:MX_FDCAN1_Init	2
/Users/andrewlazarus/STM32Cube/Example/FDCAN_Com_Polling/Src/main.c:324:13:MX_GPIO_Init	1
/Users/andrewlazarus/STM32Cube/Example/FDCAN_Com_Polling/Src/main.c:343:6:BSP_PB_Callback	3
/Users/andrewlazarus/STM32Cube/Example/FDCAN_Com_Polling/Src/main.c:369:17:BufferCmp8b	3
/Users/andrewlazarus/STM32Cube/Example/FDCAN_Com_Polling/Src/main.c:389:6:Error_Handler	1
