14:06:56 **** Incremental Build of configuration Debug for project HW11Project ****
make -j7 all 
arm-none-eabi-gcc "../Core/Src/main.c" -mcpu=cortex-m0plus -std=gnu11 -g3 -DDEBUG -DUSE_NUCLEO_64 -DUSE_HAL_DRIVER -DSTM32C092xx -c -I../Core/Inc -I../Drivers/STM32C0xx_HAL_Driver/Inc -I../Drivers/STM32C0xx_HAL_Driver/Inc/Legacy -I../Drivers/BSP/STM32C0xx_Nucleo -I../Drivers/CMSIS/Device/ST/STM32C0xx/Include -I../Drivers/CMSIS/Include -O0 -ffunction-sections -fdata-sections -Wall -fstack-usage -fcyclomatic-complexity -MMD -MP -MF"Core/Src/main.d" -MT"Core/Src/main.o" --specs=nano.specs -mfloat-abi=soft -mthumb -o "Core/Src/main.o"
arm-none-eabi-gcc -o "HW11Project.elf" @"objects.list"   -mcpu=cortex-m0plus -T"/Users/andrewlazarus/Desktop/ME433/HW11/HW11Project/STM32C092RCTX_FLASH.ld" --specs=nosys.specs -Wl,-Map="HW11Project.map" -Wl,--gc-sections -static --specs=nano.specs -mfloat-abi=soft -mthumb -Wl,--start-group -lc -lm -Wl,--end-group
Finished building target: HW11Project.elf
 
arm-none-eabi-size  HW11Project.elf 
arm-none-eabi-objdump -h -S HW11Project.elf  > "HW11Project.list"
   text	   data	    bss	    dec	    hex	filename
  19428	    128	   2240	  21796	   5524	HW11Project.elf
Finished building: default.size.stdout
 
Finished building: HW11Project.list
 
14:07:02 **** Incremental Build of configuration Debug for project HW11Project ****
make -j7 all 
arm-none-eabi-size  HW11Project.elf 
   text	   data	    bss	    dec	    hex	filename
  19428	    128	   2240	  21796	   5524	HW11Project.elf
Finished building: default.size.stdout
 
